// Jest Snapshot v1, https://goo.gl/fbAQLP

exports[`<DetailScreen /> To Match Snapshot 1`] = `
<View
  style={
    Object {
      "flex": 1,
    }
  }
>
  <View
    style={
      Object {
        "flex": 2,
      }
    }
  >
    <View
      style={
        Object {
          "flex": 0.5,
          "flexDirection": "row",
          "justifyContent": "center",
        }
      }
    >
      <Text
        style={
          Object {
            "flex": 1,
            "textAlign": "center",
          }
        }
      >
        Persisted value
      </Text>
      <Text
        style={
          Object {
            "flex": 1,
            "fontSize": 20,
            "fontWeight": "bold",
            "textAlign": "center",
          }
        }
      />
    </View>
    <View
      style={
        Object {
          "flex": 0.5,
          "flexDirection": "row",
          "justifyContent": "center",
        }
      }
    >
      <Text
        style={
          Object {
            "flex": 1,
            "textAlign": "center",
          }
        }
      >
        Current Value
      </Text>
      <Text
        style={
          Object {
            "flex": 1,
            "fontSize": 20,
            "fontWeight": "bold",
            "textAlign": "center",
          }
        }
      >
        5
      </Text>
    </View>
  </View>
  <View
    style={
      Object {
        "flex": 3,
      }
    }
  >
    <View
      accessibilityRole="button"
      accessibilityState={Object {}}
      accessible={true}
      focusable={true}
      onClick={[Function]}
      onResponderGrant={[Function]}
      onResponderMove={[Function]}
      onResponderRelease={[Function]}
      onResponderTerminate={[Function]}
      onResponderTerminationRequest={[Function]}
      onStartShouldSetResponder={[Function]}
      style={
        Object {
          "opacity": 1,
        }
      }
    >
      <View
        style={
          Array [
            Object {},
          ]
        }
      >
        <Text
          style={
            Array [
              Object {
                "color": "#007AFF",
                "fontSize": 18,
                "margin": 8,
                "textAlign": "center",
              },
              Object {
                "color": "#ffba93",
              },
            ]
          }
        >
          Persist value
        </Text>
      </View>
    </View>
  </View>
</View>
`;
